#-----------------------------------------------------------
# Vivado v2020.2 (64-bit)
# SW Build 3064766 on Wed Nov 18 09:12:45 MST 2020
# IP Build 3064653 on Wed Nov 18 14:17:31 MST 2020
# Start of session at: Wed Aug 10 11:31:43 2022
# Process ID: 15416
# Current directory: C:/Users/ehgartns/Documents/new_pq_repo/QuickQ
# Command line: vivado.exe -gui_launcher_event rodinguilauncherevent10512 C:\Users\ehgartns\Documents\new_pq_repo\QuickQ\QuickQ_project.xpr
# Log file: C:/Users/ehgartns/Documents/new_pq_repo/QuickQ/vivado.log
# Journal file: C:/Users/ehgartns/Documents/new_pq_repo/QuickQ\vivado.jou
#-----------------------------------------------------------
start_gui
open_project C:/Users/ehgartns/Documents/new_pq_repo/QuickQ/QuickQ_project.xpr
update_compile_order -fileset sources_1
close [ open C:/Users/ehgartns/Documents/new_pq_repo/QuickQ/RTL/count_increase.sv w ]
add_files C:/Users/ehgartns/Documents/new_pq_repo/QuickQ/RTL/count_increase.sv
update_compile_order -fileset sources_1
# Disabling source management mode.  This is to allow the top design properties to be set without GUI intervention.
set_property source_mgmt_mode None [current_project]
set_property top count_increase [current_fileset]
# Re-enabling previously disabled source management mode.
set_property source_mgmt_mode All [current_project]
update_compile_order -fileset sources_1
synth_design -rtl -rtl_skip_mlo -name rtl_1
# Disabling source management mode.  This is to allow the top design properties to be set without GUI intervention.
set_property source_mgmt_mode None [current_project]
set_property top quickq [current_fileset]
# Re-enabling previously disabled source management mode.
set_property source_mgmt_mode All [current_project]
update_compile_order -fileset sources_1
refresh_design
