#-----------------------------------------------------------
# Vivado v2020.2 (64-bit)
# SW Build 3064766 on Wed Nov 18 09:12:45 MST 2020
# IP Build 3064653 on Wed Nov 18 14:17:31 MST 2020
# Start of session at: Fri Jul 22 12:17:29 2022
# Process ID: 10368
# Current directory: C:/Users/ehgartns/Documents/new_pq_repo/auto_pq_16 bit
# Command line: vivado.exe -gui_launcher_event rodinguilauncherevent11884 C:\Users\ehgartns\Documents\new_pq_repo\auto_pq_16 bit\auto_pq_16.xpr
# Log file: C:/Users/ehgartns/Documents/new_pq_repo/auto_pq_16 bit/vivado.log
# Journal file: C:/Users/ehgartns/Documents/new_pq_repo/auto_pq_16 bit\vivado.jou
#-----------------------------------------------------------
start_gui
open_project {C:/Users/ehgartns/Documents/new_pq_repo/auto_pq_16 bit/auto_pq_16.xpr}
update_compile_order -fileset sources_1
close [ open {C:/Users/ehgartns/Documents/new_pq_repo/auto_pq_16 bit/RTL/flip_flop.sv} w ]
add_files {{C:/Users/ehgartns/Documents/new_pq_repo/auto_pq_16 bit/RTL/flip_flop.sv}}
update_compile_order -fileset sources_1
set_property SOURCE_SET sources_1 [get_filesets sim_1]
close [ open {C:/Users/ehgartns/Documents/new_pq_repo/auto_pq_16 bit/RTL/compcount_sim.sv} w ]
add_files -fileset sim_1 {{C:/Users/ehgartns/Documents/new_pq_repo/auto_pq_16 bit/RTL/compcount_sim.sv}}
update_compile_order -fileset sim_1
export_ip_user_files -of_objects  [get_files {{C:/Users/ehgartns/Documents/new_pq_repo/auto_pq_16 bit/RTL/comparator.sv}}] -no_script -reset -force -quiet
remove_files  {{C:/Users/ehgartns/Documents/new_pq_repo/auto_pq_16 bit/RTL/comparator.sv}}
# Disabling source management mode.  This is to allow the top design properties to be set without GUI intervention.
set_property source_mgmt_mode None [current_project]
set_property top compcount_sim [get_filesets sim_1]
set_property top_lib xil_defaultlib [get_filesets sim_1]
# Re-enabling previously disabled source management mode.
set_property source_mgmt_mode All [current_project]
update_compile_order -fileset sim_1
# Disabling source management mode.  This is to allow the top design properties to be set without GUI intervention.
set_property source_mgmt_mode None [current_project]
set_property top compcounter [current_fileset]
# Re-enabling previously disabled source management mode.
set_property source_mgmt_mode All [current_project]
update_compile_order -fileset sources_1
launch_simulation
launch_simulation
launch_simulation
update_compile_order -fileset sources_1
launch_simulation
update_compile_order -fileset sources_1
launch_simulation
launch_simulation
source compcount_sim.tcl
current_wave_config {Untitled 1}
add_wave {{/compcount_sim/DUV/currentvalue}} {{/compcount_sim/DUV/dump}} 
relaunch_sim
synth_design -rtl -rtl_skip_mlo -name rtl_1
refresh_design
update_compile_order -fileset sources_1
refresh_design
close_design
relaunch_sim
synth_design -rtl -rtl_skip_mlo -name rtl_1
close_design
# Disabling source management mode.  This is to allow the top design properties to be set without GUI intervention.
set_property source_mgmt_mode None [current_project]
set_property top auto_top [current_fileset]
# Re-enabling previously disabled source management mode.
set_property source_mgmt_mode All [current_project]
update_compile_order -fileset sources_1
# Disabling source management mode.  This is to allow the top design properties to be set without GUI intervention.
set_property source_mgmt_mode None [current_project]
set_property top core_sim [get_filesets sim_1]
set_property top_lib xil_defaultlib [get_filesets sim_1]
# Re-enabling previously disabled source management mode.
set_property source_mgmt_mode All [current_project]
update_compile_order -fileset sim_1
synth_design -rtl -rtl_skip_mlo -name rtl_1
synth_design -rtl -rtl_skip_mlo -name rtl_1
synth_design -rtl -rtl_skip_mlo -name rtl_1
# Disabling source management mode.  This is to allow the top design properties to be set without GUI intervention.
set_property source_mgmt_mode None [current_project]
set_property top high_level [current_fileset]
# Re-enabling previously disabled source management mode.
set_property source_mgmt_mode All [current_project]
update_compile_order -fileset sources_1
refresh_design
close_design
launch_simulation
close_sim
launch_simulation
source core_sim.tcl
current_wave_config {Untitled 2}
add_wave {{/core_sim/DUV/U_PQ_IF}} 
current_wave_config {Untitled 2}
add_wave {{/core_sim/DUV/AUTO/LFSR/q}} 
current_wave_config {Untitled 2}
add_wave {{/core_sim/DUV/AUTO/FSM/state}} 
current_wave_config {Untitled 2}
add_wave {{/core_sim/DUV/AUTO/COMPCOUNT/din}} 
current_wave_config {Untitled 2}
add_wave {{/core_sim/DUV/AUTO/COMPCOUNT/dump}} 
current_wave_config {Untitled 2}
add_wave {{/core_sim/DUV/AUTO/COMPCOUNT/currentvalue}} 
current_wave_config {Untitled 2}
log_wave {/core_sim/DUV/AUTO/COMPCOUNT/verdict} 
current_wave_config {Untitled 2}
log_wave {/core_sim/DUV/AUTO/COMPCOUNT/cteal_15} 
current_wave_config {Untitled 2}
add_wave {{/core_sim/DUV/AUTO/COMPCOUNT/cteal_15}} 
current_wave_config {Untitled 2}
add_wave {{/core_sim/DUV/AUTO/COMPCOUNT/verdict}} 
relaunch_sim
run all
# Disabling source management mode.  This is to allow the top design properties to be set without GUI intervention.
set_property source_mgmt_mode None [current_project]
set_property top highest_level [current_fileset]
# Re-enabling previously disabled source management mode.
set_property source_mgmt_mode All [current_project]
update_compile_order -fileset sources_1
launch_runs impl_1 -to_step write_bitstream -jobs 2
wait_on_run impl_1
open_hw_manager
connect_hw_server -allow_non_jtag
open_hw_target
set_property PROGRAM.FILE {C:/Users/ehgartns/Documents/new_pq_repo/auto_pq_16 bit/auto_pq_16.runs/impl_1/highest_level.bit} [get_hw_devices xc7a100t_0]
current_hw_device [get_hw_devices xc7a100t_0]
refresh_hw_device -update_hw_probes false [lindex [get_hw_devices xc7a100t_0] 0]
set_property PROBES.FILE {} [get_hw_devices xc7a100t_0]
set_property FULL_PROBES.FILE {} [get_hw_devices xc7a100t_0]
set_property PROGRAM.FILE {C:/Users/ehgartns/Documents/new_pq_repo/auto_pq_16 bit/auto_pq_16.runs/impl_1/highest_level.bit} [get_hw_devices xc7a100t_0]
program_hw_devices [get_hw_devices xc7a100t_0]
refresh_hw_device [lindex [get_hw_devices xc7a100t_0] 0]
relaunch_sim
relaunch_sim
relaunch_sim
close_sim
launch_simulation
source core_sim.tcl
current_wave_config {Untitled 6}
add_wave {{/core_sim/DUV/U_PQ_IF}} 
current_wave_config {Untitled 6}
add_wave {{/core_sim/DUV/AUTO/LFSR/q}} 
current_wave_config {Untitled 6}
add_wave {{/core_sim/DUV/AUTO/FSM/state}} 
current_wave_config {Untitled 6}
add_wave {{/core_sim/DUV/AUTO/COMPCOUNT/din}} 
current_wave_config {Untitled 6}
add_wave {{/core_sim/DUV/AUTO/COMPCOUNT/dump}} 
current_wave_config {Untitled 6}
add_wave {{/core_sim/DUV/AUTO/COMPCOUNT/currentvalue}} 
current_wave_config {Untitled 6}
add_wave {{/core_sim/DUV/AUTO/COMPCOUNT/verdict}} 
current_wave_config {Untitled 6}
add_wave {{/core_sim/DUV/AUTO/COMPCOUNT/cteal_15}} 
current_wave_config {Untitled 6}
add_wave {{/core_sim/DUV/AUTO/color_r}} 
current_wave_config {Untitled 6}
add_wave {{/core_sim/DUV/AUTO/color_g}} 
current_wave_config {Untitled 6}
add_wave {{/core_sim/DUV/AUTO/color_b}} 
relaunch_sim
run all
relaunch_sim
run all
relaunch_sim
run all
run all
relaunch_sim
run all
current_wave_config {Untitled 6}
add_wave {{/core_sim/DUV/U_HEAP_PQ/heap_size}} 
relaunch_sim
run all
relaunch_sim
run all
relaunch_sim
run all
relaunch_sim
run all
reset_run synth_1
launch_runs impl_1 -to_step write_bitstream -jobs 2
wait_on_run impl_1
reset_run impl_1
current_wave_config {Untitled 6}
add_wave {{/core_sim/sigIDLE}} {{/core_sim/sigSTART}} {{/core_sim/sigADD}} {{/core_sim/sigREMOVE}} {{/core_sim/sigDISPLAY}} {{/core_sim/sigFULL}} {{/core_sim/sigEMPTY}} 
relaunch_sim
run all
close_sim
